Tue Sep 16 07:29:06 PDT 2025
activating
testing vanilla cp
testing for coverage 1-alpha=90.0%
Mean percent of real test trajectories that fall within: 90.7078538776797
Median percent of real test trajectories that fall within: 90.38461538461539
Standard deviation of percent of real test trajectories that fall within: 2.1305342615830702
testing for coverage 1-alpha=95.0%
Mean percent of real test trajectories that fall within: 94.95212011349305
Median percent of real test trajectories that fall within: 95.0
Standard deviation of percent of real test trajectories that fall within: 1.3961115257402366
testing for coverage 1-alpha=97.5%
Mean percent of real test trajectories that fall within: 97.15991488020175
Median percent of real test trajectories that fall within: 97.3076923076923
Standard deviation of percent of real test trajectories that fall within: 1.0231236928745562
testing for coverage 1-alpha=99.0%
Mean percent of real test trajectories that fall within: 98.54508196721311
Median percent of real test trajectories that fall within: 98.46153846153847
Standard deviation of percent of real test trajectories that fall within: 0.748352259598633
testing for coverage 1-alpha=90.0%
Mean percent of real test trajectories that fall within: 80.8974358974359
Median percent of real test trajectories that fall within: 85.0
Standard deviation of percent of real test trajectories that fall within: 14.411832990544132
testing for coverage 1-alpha=95.0%
Mean percent of real test trajectories that fall within: 86.99663724253888
Median percent of real test trajectories that fall within: 90.76923076923077
Standard deviation of percent of real test trajectories that fall within: 14.380041048950787
testing for coverage 1-alpha=97.5%
Mean percent of real test trajectories that fall within: 91.02984447246743
Median percent of real test trajectories that fall within: 95.38461538461539
Standard deviation of percent of real test trajectories that fall within: 13.872749495587858
testing for coverage 1-alpha=99.0%
Mean percent of real test trajectories that fall within: 93.65069356872634
Median percent of real test trajectories that fall within: 97.3076923076923
Standard deviation of percent of real test trajectories that fall within: 13.243802590863629
testing for coverage 1-alpha=90.0%
Mean percent of real test trajectories that fall within: 91.1185766078184
Median percent of real test trajectories that fall within: 91.15384615384615
Standard deviation of percent of real test trajectories that fall within: 2.4149269444451877
testing for coverage 1-alpha=95.0%
Mean percent of real test trajectories that fall within: 95.41466346153845
Median percent of real test trajectories that fall within: 95.38461538461539
Standard deviation of percent of real test trajectories that fall within: 1.6086220971012914
testing for coverage 1-alpha=97.5%
Mean percent of real test trajectories that fall within: 97.5887649747793
Median percent of real test trajectories that fall within: 97.6923076923077
Standard deviation of percent of real test trajectories that fall within: 1.208259764730326
testing for coverage 1-alpha=99.0%
Mean percent of real test trajectories that fall within: 98.82388871374528
Median percent of real test trajectories that fall within: 98.84615384615385
Standard deviation of percent of real test trajectories that fall within: 0.8839031321088712
testing for coverage 1-alpha=90.0%
Mean percent of real test trajectories that fall within: 88.82093316519546
Median percent of real test trajectories that fall within: 89.23076923076924
Standard deviation of percent of real test trajectories that fall within: 2.32430845618451
testing for coverage 1-alpha=95.0%
Mean percent of real test trajectories that fall within: 95.44136191677175
Median percent of real test trajectories that fall within: 96.15384615384616
Standard deviation of percent of real test trajectories that fall within: 1.7352625791823826
testing for coverage 1-alpha=97.5%
Mean percent of real test trajectories that fall within: 97.8247162673392
Median percent of real test trajectories that fall within: 98.46153846153847
Standard deviation of percent of real test trajectories that fall within: 1.3284920378694451
testing for coverage 1-alpha=99.0%
Mean percent of real test trajectories that fall within: 99.47036569987391
Median percent of real test trajectories that fall within: 100.0
Standard deviation of percent of real test trajectories that fall within: 0.955311322396907
testing split cp, train-validation-test split: 60-20-20
testing for coverage 1-alpha=90.0%
Mean percent of real test trajectories that fall within: 91.0421264186633
Median percent of real test trajectories that fall within: 91.15384615384615
Standard deviation of percent of real test trajectories that fall within: 2.795793925888496
testing for coverage 1-alpha=95.0%
Mean percent of real test trajectories that fall within: 95.13191598360655
Median percent of real test trajectories that fall within: 95.38461538461539
Standard deviation of percent of real test trajectories that fall within: 1.9994655397829304
testing for coverage 1-alpha=97.5%
Mean percent of real test trajectories that fall within: 97.1576489596469
Median percent of real test trajectories that fall within: 97.3076923076923
Standard deviation of percent of real test trajectories that fall within: 1.4049768820534216
testing for coverage 1-alpha=99.0%
Mean percent of real test trajectories that fall within: 98.56951450189155
Median percent of real test trajectories that fall within: 98.84615384615385
Standard deviation of percent of real test trajectories that fall within: 1.024837793821808
testing for coverage 1-alpha=90.0%
Mean percent of real test trajectories that fall within: 83.56242118537202
Median percent of real test trajectories that fall within: 85.76923076923076
Standard deviation of percent of real test trajectories that fall within: 11.850393718224336
testing for coverage 1-alpha=95.0%
Mean percent of real test trajectories that fall within: 89.84026902059686
Median percent of real test trajectories that fall within: 91.53846153846153
Standard deviation of percent of real test trajectories that fall within: 11.912069562685742
testing for coverage 1-alpha=97.5%
Mean percent of real test trajectories that fall within: 93.34384195039932
Median percent of real test trajectories that fall within: 95.38461538461539
Standard deviation of percent of real test trajectories that fall within: 12.203772056377922
testing for coverage 1-alpha=99.0%
Mean percent of real test trajectories that fall within: 95.66414459857081
Median percent of real test trajectories that fall within: 97.3076923076923
Standard deviation of percent of real test trajectories that fall within: 12.420742970907328
testing for coverage 1-alpha=90.0%
Mean percent of real test trajectories that fall within: 91.46102616645649
Median percent of real test trajectories that fall within: 91.53846153846153
Standard deviation of percent of real test trajectories that fall within: 2.843108221770423
testing for coverage 1-alpha=95.0%
Mean percent of real test trajectories that fall within: 95.4513122635561
Median percent of real test trajectories that fall within: 95.38461538461539
Standard deviation of percent of real test trajectories that fall within: 1.9513759583337307
testing for coverage 1-alpha=97.5%
Mean percent of real test trajectories that fall within: 97.47271043505674
Median percent of real test trajectories that fall within: 97.6923076923077
Standard deviation of percent of real test trajectories that fall within: 1.463618647343074
testing for coverage 1-alpha=99.0%
Mean percent of real test trajectories that fall within: 98.7672406998739
Median percent of real test trajectories that fall within: 98.84615384615385
Standard deviation of percent of real test trajectories that fall within: 0.9898621485777008
testing for coverage 1-alpha=90.0%
Mean percent of real test trajectories that fall within: 86.69609079445144
Median percent of real test trajectories that fall within: 86.53846153846155
Standard deviation of percent of real test trajectories that fall within: 2.5181242809225552
testing for coverage 1-alpha=95.0%
Mean percent of real test trajectories that fall within: 92.93190416141238
Median percent of real test trajectories that fall within: 92.6923076923077
Standard deviation of percent of real test trajectories that fall within: 1.4726858591245735
testing for coverage 1-alpha=97.5%
Mean percent of real test trajectories that fall within: 95.99621689785623
Median percent of real test trajectories that fall within: 96.15384615384616
Standard deviation of percent of real test trajectories that fall within: 1.0501468775143452
testing for coverage 1-alpha=99.0%
Mean percent of real test trajectories that fall within: 97.89407313997481
Median percent of real test trajectories that fall within: 98.07692307692307
Standard deviation of percent of real test trajectories that fall within: 0.8228669912270089
testing cv+ with 20 folds
testing for coverage 1-alpha=90.0%
Mean percent of real test trajectories that fall within: 91.21739044766709
Median percent of real test trajectories that fall within: 91.15384615384615
Standard deviation of percent of real test trajectories that fall within: 1.9693021419262953
testing for coverage 1-alpha=95.0%
Mean percent of real test trajectories that fall within: 95.48165589533416
Median percent of real test trajectories that fall within: 95.76923076923077
Standard deviation of percent of real test trajectories that fall within: 1.26519284731976
testing for coverage 1-alpha=97.5%
Mean percent of real test trajectories that fall within: 97.66679145649432
Median percent of real test trajectories that fall within: 97.6923076923077
Standard deviation of percent of real test trajectories that fall within: 0.9217783877645037
testing for coverage 1-alpha=99.0%
Mean percent of real test trajectories that fall within: 99.0328459962169
Median percent of real test trajectories that fall within: 99.23076923076923
Standard deviation of percent of real test trajectories that fall within: 0.6126980616971343
testing for coverage 1-alpha=90.0%
Mean percent of real test trajectories that fall within: 88.90290037831024
Median percent of real test trajectories that fall within: 91.92307692307692
Standard deviation of percent of real test trajectories that fall within: 15.024177720741875
testing for coverage 1-alpha=95.0%
Mean percent of real test trajectories that fall within: 92.4905422446406
Median percent of real test trajectories that fall within: 95.0
Standard deviation of percent of real test trajectories that fall within: 13.764812899634624
testing for coverage 1-alpha=97.5%
Mean percent of real test trajectories that fall within: 94.56704497688104
Median percent of real test trajectories that fall within: 96.92307692307692
Standard deviation of percent of real test trajectories that fall within: 13.163551960298554
testing for coverage 1-alpha=99.0%
Mean percent of real test trajectories that fall within: 96.35981504833961
Median percent of real test trajectories that fall within: 98.46153846153847
Standard deviation of percent of real test trajectories that fall within: 12.888622751922115
testing for coverage 1-alpha=90.0%
Mean percent of real test trajectories that fall within: 94.14151166456494
Median percent of real test trajectories that fall within: 93.84615384615384
Standard deviation of percent of real test trajectories that fall within: 2.444406741489338
testing for coverage 1-alpha=95.0%
Mean percent of real test trajectories that fall within: 97.39419136191675
Median percent of real test trajectories that fall within: 97.3076923076923
Standard deviation of percent of real test trajectories that fall within: 1.4883179845301973
testing for coverage 1-alpha=97.5%
Mean percent of real test trajectories that fall within: 98.68990384615384
Median percent of real test trajectories that fall within: 98.84615384615385
Standard deviation of percent of real test trajectories that fall within: 0.968404073052052
testing for coverage 1-alpha=99.0%
Mean percent of real test trajectories that fall within: 99.41066361916772
Median percent of real test trajectories that fall within: 99.61538461538461
Standard deviation of percent of real test trajectories that fall within: 0.559312902570118
testing for coverage 1-alpha=90.0%
Mean percent of real test trajectories that fall within: 97.23203026481714
Median percent of real test trajectories that fall within: 98.07692307692307
Standard deviation of percent of real test trajectories that fall within: 2.6781465730054554
testing for coverage 1-alpha=95.0%
Mean percent of real test trajectories that fall within: 99.1109709962169
Median percent of real test trajectories that fall within: 99.61538461538461
Standard deviation of percent of real test trajectories that fall within: 1.4433745253406527
testing for coverage 1-alpha=97.5%
Mean percent of real test trajectories that fall within: 99.66582597730138
Median percent of real test trajectories that fall within: 100.0
Standard deviation of percent of real test trajectories that fall within: 0.5678155007525565
testing for coverage 1-alpha=99.0%
Mean percent of real test trajectories that fall within: 99.8360655737705
Median percent of real test trajectories that fall within: 100.0
Standard deviation of percent of real test trajectories that fall within: 0.29099573163213827
