Tue Sep 16 13:01:23 PDT 2025
activating
testing for coverage 1-alpha=90.0%
Mean percent of real test trajectories that fall within: 90.48204996847416
Median percent of real test trajectories that fall within: 90.38461538461539
Standard deviation of percent of real test trajectories that fall within: 2.467462570100945
testing for coverage 1-alpha=95.0%
Mean percent of real test trajectories that fall within: 94.70011034047918
Median percent of real test trajectories that fall within: 94.61538461538461
Standard deviation of percent of real test trajectories that fall within: 1.7372434919949966
testing for coverage 1-alpha=97.5%
Mean percent of real test trajectories that fall within: 96.92376655107186
Median percent of real test trajectories that fall within: 96.92307692307692
Standard deviation of percent of real test trajectories that fall within: 1.1515613453379003
testing for coverage 1-alpha=99.0%
Mean percent of real test trajectories that fall within: 98.4297170554855
Median percent of real test trajectories that fall within: 98.46153846153847
Standard deviation of percent of real test trajectories that fall within: 0.7156493470895798
testing for coverage 1-alpha=90.0%
Mean percent of real test trajectories that fall within: 72.26775956284153
Median percent of real test trajectories that fall within: 78.46153846153847
Standard deviation of percent of real test trajectories that fall within: 17.590929537328716
testing for coverage 1-alpha=95.0%
Mean percent of real test trajectories that fall within: 82.20260613703235
Median percent of real test trajectories that fall within: 88.84615384615384
Standard deviation of percent of real test trajectories that fall within: 17.054979548929595
testing for coverage 1-alpha=97.5%
Mean percent of real test trajectories that fall within: 87.69440941572088
Median percent of real test trajectories that fall within: 92.6923076923077
Standard deviation of percent of real test trajectories that fall within: 15.791871978853578
testing for coverage 1-alpha=99.0%
Mean percent of real test trajectories that fall within: 91.96721311475407
Median percent of real test trajectories that fall within: 95.38461538461539
Standard deviation of percent of real test trajectories that fall within: 14.18928750094948
testing for coverage 1-alpha=90.0%
Mean percent of real test trajectories that fall within: 90.64953105296344
Median percent of real test trajectories that fall within: 90.38461538461539
Standard deviation of percent of real test trajectories that fall within: 2.771074011667485
testing for coverage 1-alpha=95.0%
Mean percent of real test trajectories that fall within: 94.90118616015131
Median percent of real test trajectories that fall within: 95.0
Standard deviation of percent of real test trajectories that fall within: 1.7861620764046269
testing for coverage 1-alpha=97.5%
Mean percent of real test trajectories that fall within: 97.15942228877678
Median percent of real test trajectories that fall within: 97.3076923076923
Standard deviation of percent of real test trajectories that fall within: 1.155893836011282
testing for coverage 1-alpha=99.0%
Mean percent of real test trajectories that fall within: 98.60350331021436
Median percent of real test trajectories that fall within: 98.84615384615385
Standard deviation of percent of real test trajectories that fall within: 0.743305091527238
testing for coverage 1-alpha=90.0%
Mean percent of real test trajectories that fall within: 90.23329129886505
Median percent of real test trajectories that fall within: 90.0
Standard deviation of percent of real test trajectories that fall within: 2.3382577403858402
testing for coverage 1-alpha=95.0%
Mean percent of real test trajectories that fall within: 95.3656998738966
Median percent of real test trajectories that fall within: 95.38461538461539
Standard deviation of percent of real test trajectories that fall within: 1.1410093621345079
testing for coverage 1-alpha=97.5%
Mean percent of real test trajectories that fall within: 98.13997477931903
Median percent of real test trajectories that fall within: 98.07692307692307
Standard deviation of percent of real test trajectories that fall within: 0.7915437491286382
testing for coverage 1-alpha=99.0%
Mean percent of real test trajectories that fall within: 99.31273644388396
Median percent of real test trajectories that fall within: 99.23076923076923
Standard deviation of percent of real test trajectories that fall within: 0.49790887824463015
testing split cp, train-validation-test split: 60-20-20
testing for coverage 1-alpha=90.0%
Mean percent of real test trajectories that fall within: 90.9906998738966
Median percent of real test trajectories that fall within: 91.15384615384615
Standard deviation of percent of real test trajectories that fall within: 2.8651981345483266
testing for coverage 1-alpha=95.0%
Mean percent of real test trajectories that fall within: 94.94010088272383
Median percent of real test trajectories that fall within: 95.0
Standard deviation of percent of real test trajectories that fall within: 2.0375686508422572
testing for coverage 1-alpha=97.5%
Mean percent of real test trajectories that fall within: 96.95608054854979
Median percent of real test trajectories that fall within: 97.3076923076923
Standard deviation of percent of real test trajectories that fall within: 1.475632429417607
testing for coverage 1-alpha=99.0%
Mean percent of real test trajectories that fall within: 98.31937657629256
Median percent of real test trajectories that fall within: 98.46153846153847
Standard deviation of percent of real test trajectories that fall within: 1.0835225289523458
testing for coverage 1-alpha=90.0%
Mean percent of real test trajectories that fall within: 60.02522068095839
Median percent of real test trajectories that fall within: 70.38461538461539
Standard deviation of percent of real test trajectories that fall within: 25.9899423203703
testing for coverage 1-alpha=95.0%
Mean percent of real test trajectories that fall within: 67.75746111811685
Median percent of real test trajectories that fall within: 82.3076923076923
Standard deviation of percent of real test trajectories that fall within: 27.813094035372043
testing for coverage 1-alpha=97.5%
Mean percent of real test trajectories that fall within: 72.41067675493905
Median percent of real test trajectories that fall within: 88.07692307692308
Standard deviation of percent of real test trajectories that fall within: 27.759071936467915
testing for coverage 1-alpha=99.0%
Mean percent of real test trajectories that fall within: 77.25304749894913
Median percent of real test trajectories that fall within: 94.61538461538461
Standard deviation of percent of real test trajectories that fall within: 26.326211467526246
testing for coverage 1-alpha=90.0%
Mean percent of real test trajectories that fall within: 90.58076529003783
Median percent of real test trajectories that fall within: 90.76923076923077
Standard deviation of percent of real test trajectories that fall within: 3.137721525772969
testing for coverage 1-alpha=95.0%
Mean percent of real test trajectories that fall within: 94.91202317150062
Median percent of real test trajectories that fall within: 95.0
Standard deviation of percent of real test trajectories that fall within: 2.268132570637079
testing for coverage 1-alpha=97.5%
Mean percent of real test trajectories that fall within: 97.15676229508196
Median percent of real test trajectories that fall within: 97.3076923076923
Standard deviation of percent of real test trajectories that fall within: 1.6277954631917946
testing for coverage 1-alpha=99.0%
Mean percent of real test trajectories that fall within: 98.49217764817149
Median percent of real test trajectories that fall within: 98.84615384615385
Standard deviation of percent of real test trajectories that fall within: 1.161476209912458
testing for coverage 1-alpha=90.0%
Mean percent of real test trajectories that fall within: 90.81336696090794
Median percent of real test trajectories that fall within: 90.38461538461539
Standard deviation of percent of real test trajectories that fall within: 2.1869399128113347
testing for coverage 1-alpha=95.0%
Mean percent of real test trajectories that fall within: 95.61790668348044
Median percent of real test trajectories that fall within: 95.76923076923077
Standard deviation of percent of real test trajectories that fall within: 1.4843554590274992
testing for coverage 1-alpha=97.5%
Mean percent of real test trajectories that fall within: 98.10214375788146
Median percent of real test trajectories that fall within: 98.07692307692307
Standard deviation of percent of real test trajectories that fall within: 0.7905889009201363
testing for coverage 1-alpha=99.0%
Mean percent of real test trajectories that fall within: 99.28121059268598
Median percent of real test trajectories that fall within: 99.23076923076923
Standard deviation of percent of real test trajectories that fall within: 0.5635284482094405
testing cv+ with 20 folds
testing for coverage 1-alpha=90.0%
Mean percent of real test trajectories that fall within: 91.57087405422448
Median percent of real test trajectories that fall within: 91.15384615384615
Standard deviation of percent of real test trajectories that fall within: 2.251890708966578
testing for coverage 1-alpha=95.0%
Mean percent of real test trajectories that fall within: 95.65889029003782
Median percent of real test trajectories that fall within: 95.76923076923077
Standard deviation of percent of real test trajectories that fall within: 1.420877580490563
testing for coverage 1-alpha=97.5%
Mean percent of real test trajectories that fall within: 97.6685647856242
Median percent of real test trajectories that fall within: 97.6923076923077
Standard deviation of percent of real test trajectories that fall within: 0.883328628684365
testing for coverage 1-alpha=99.0%
Mean percent of real test trajectories that fall within: 98.99028609709963
Median percent of real test trajectories that fall within: 98.84615384615385
Standard deviation of percent of real test trajectories that fall within: 0.5721332581643173
testing for coverage 1-alpha=90.0%
Mean percent of real test trajectories that fall within: 87.88146279949558
Median percent of real test trajectories that fall within: 93.46153846153847
Standard deviation of percent of real test trajectories that fall within: 16.94979876856328
testing for coverage 1-alpha=95.0%
Mean percent of real test trajectories that fall within: 92.85203867171079
Median percent of real test trajectories that fall within: 98.46153846153847
Standard deviation of percent of real test trajectories that fall within: 15.354121659264608
testing for coverage 1-alpha=97.5%
Mean percent of real test trajectories that fall within: 95.3467843631778
Median percent of real test trajectories that fall within: 99.61538461538461
Standard deviation of percent of real test trajectories that fall within: 14.073268977820499
testing for coverage 1-alpha=99.0%
Mean percent of real test trajectories that fall within: 96.7885666246322
Median percent of real test trajectories that fall within: 99.61538461538461
Standard deviation of percent of real test trajectories that fall within: 13.431920142446094
testing for coverage 1-alpha=90.0%
Mean percent of real test trajectories that fall within: 93.37109867591424
Median percent of real test trajectories that fall within: 92.6923076923077
Standard deviation of percent of real test trajectories that fall within: 2.820510764224283
testing for coverage 1-alpha=95.0%
Mean percent of real test trajectories that fall within: 96.93214060529633
Median percent of real test trajectories that fall within: 96.53846153846153
Standard deviation of percent of real test trajectories that fall within: 1.5194261965767832
testing for coverage 1-alpha=97.5%
Mean percent of real test trajectories that fall within: 98.50675835435057
Median percent of real test trajectories that fall within: 98.46153846153847
Standard deviation of percent of real test trajectories that fall within: 0.9072187156999453
testing for coverage 1-alpha=99.0%
Mean percent of real test trajectories that fall within: 99.36938445775536
Median percent of real test trajectories that fall within: 99.61538461538461
Standard deviation of percent of real test trajectories that fall within: 0.5567320411748792
testing for coverage 1-alpha=90.0%
Mean percent of real test trajectories that fall within: 90.23329129886505
Median percent of real test trajectories that fall within: 90.0
Standard deviation of percent of real test trajectories that fall within: 2.3382577403858402
testing for coverage 1-alpha=95.0%
Mean percent of real test trajectories that fall within: 95.3656998738966
Median percent of real test trajectories that fall within: 95.38461538461539
Standard deviation of percent of real test trajectories that fall within: 1.1410093621345079
testing for coverage 1-alpha=97.5%
Mean percent of real test trajectories that fall within: 98.13997477931903
Median percent of real test trajectories that fall within: 98.07692307692307
Standard deviation of percent of real test trajectories that fall within: 0.7915437491286382
testing for coverage 1-alpha=99.0%
Mean percent of real test trajectories that fall within: 99.31273644388396
Median percent of real test trajectories that fall within: 99.23076923076923
Standard deviation of percent of real test trajectories that fall within: 0.49790887824463015
