Tue Aug  5 14:17:00 PDT 2025
activating
starting vanilla cp
Using cpu device
Epoch [0/200], Train Loss: 0.2010 | Test Loss: 0.2090 | LR: [0.002482884780966882]| Epoch Time: 2.570845603942871 s
Recon: 0.1627 | dx: 0.0382 | dz: 0.0001 | 
Epoch [1/200], Train Loss: 0.1969 | Test Loss: 0.2192 | LR: [0.002482884780966882]| Epoch Time: 1.643052577972412 s
Recon: 0.1594 | dx: 0.0373 | dz: 0.0001 | 
Epoch [2/200], Train Loss: 0.1950 | Test Loss: 0.2265 | LR: [0.002482884780966882]| Epoch Time: 1.382859706878662 s
Recon: 0.1578 | dx: 0.0371 | dz: 0.0001 | 
Epoch [3/200], Train Loss: 0.1931 | Test Loss: 0.2326 | LR: [0.002482884780966882]| Epoch Time: 1.2281467914581299 s
Recon: 0.1563 | dx: 0.0366 | dz: 0.0001 | 
Epoch [4/200], Train Loss: 0.1917 | Test Loss: 0.2413 | LR: [0.002482884780966882]| Epoch Time: 1.260742425918579 s
Recon: 0.1552 | dx: 0.0364 | dz: 0.0001 | 
Epoch [5/200], Train Loss: 0.1905 | Test Loss: 0.2434 | LR: [0.002482884780966882]| Epoch Time: 1.2762887477874756 s
Recon: 0.1542 | dx: 0.0362 | dz: 0.0001 | 
Epoch [6/200], Train Loss: 0.1894 | Test Loss: 0.2522 | LR: [0.002482884780966882]| Epoch Time: 1.2677226066589355 s
Recon: 0.1533 | dx: 0.0360 | dz: 0.0001 | 
Epoch [7/200], Train Loss: 0.1881 | Test Loss: 0.2509 | LR: [0.002482884780966882]| Epoch Time: 1.2810239791870117 s
Recon: 0.1522 | dx: 0.0358 | dz: 0.0001 | 
Epoch [8/200], Train Loss: 0.1869 | Test Loss: 0.2559 | LR: [0.002482884780966882]| Epoch Time: 1.2802765369415283 s
Recon: 0.1513 | dx: 0.0356 | dz: 0.0001 | 
Epoch [9/200], Train Loss: 0.1858 | Test Loss: 0.2618 | LR: [0.002482884780966882]| Epoch Time: 1.2783644199371338 s
Recon: 0.1503 | dx: 0.0353 | dz: 0.0001 | 
Epoch [10/200], Train Loss: 0.1850 | Test Loss: 0.2616 | LR: [0.002482884780966882]| Epoch Time: 1.2899377346038818 s
Recon: 0.1497 | dx: 0.0352 | dz: 0.0001 | 
Epoch [11/200], Train Loss: 0.1838 | Test Loss: 0.2647 | LR: [0.0002482884780966882]| Epoch Time: 1.4155807495117188 s
Recon: 0.1488 | dx: 0.0349 | dz: 0.0001 | 
Epoch [12/200], Train Loss: 0.1806 | Test Loss: 0.2644 | LR: [0.0002482884780966882]| Epoch Time: 1.3333826065063477 s
Recon: 0.1464 | dx: 0.0341 | dz: 0.0001 | 
Epoch [13/200], Train Loss: 0.1802 | Test Loss: 0.2642 | LR: [0.0002482884780966882]| Epoch Time: 1.3190467357635498 s
Recon: 0.1461 | dx: 0.0340 | dz: 0.0001 | 
Epoch [14/200], Train Loss: 0.1802 | Test Loss: 0.2648 | LR: [0.0002482884780966882]| Epoch Time: 1.3130161762237549 s
Recon: 0.1461 | dx: 0.0340 | dz: 0.0001 | 
Epoch [15/200], Train Loss: 0.1799 | Test Loss: 0.2655 | LR: [0.0002482884780966882]| Epoch Time: 1.3202731609344482 s
Recon: 0.1459 | dx: 0.0339 | dz: 0.0001 | 
Epoch [16/200], Train Loss: 0.1798 | Test Loss: 0.2648 | LR: [0.0002482884780966882]| Epoch Time: 1.3150358200073242 s
Recon: 0.1458 | dx: 0.0339 | dz: 0.0001 | 
Epoch [17/200], Train Loss: 0.1798 | Test Loss: 0.2669 | LR: [0.0002482884780966882]| Epoch Time: 1.3177599906921387 s
Recon: 0.1458 | dx: 0.0339 | dz: 0.0001 | 
Epoch [18/200], Train Loss: 0.1796 | Test Loss: 0.2671 | LR: [0.0002482884780966882]| Epoch Time: 1.3205859661102295 s
Recon: 0.1456 | dx: 0.0339 | dz: 0.0001 | 
Epoch [19/200], Train Loss: 0.1795 | Test Loss: 0.2674 | LR: [0.0002482884780966882]| Epoch Time: 1.4149248600006104 s
Recon: 0.1456 | dx: 0.0339 | dz: 0.0001 | 
Epoch [20/200], Train Loss: 0.1795 | Test Loss: 0.2675 | LR: [0.0002482884780966882]| Epoch Time: 1.3226914405822754 s
Recon: 0.1455 | dx: 0.0339 | dz: 0.0001 | 
Epoch [21/200], Train Loss: 0.1794 | Test Loss: 0.2682 | LR: [0.0002482884780966882]| Epoch Time: 1.323239803314209 s
Recon: 0.1455 | dx: 0.0338 | dz: 0.0001 | 
Epoch [22/200], Train Loss: 0.1793 | Test Loss: 0.2685 | LR: [2.4828847809668823e-05]| Epoch Time: 1.3088691234588623 s
Recon: 0.1454 | dx: 0.0338 | dz: 0.0001 | 
Epoch [23/200], Train Loss: 0.1789 | Test Loss: 0.2687 | LR: [2.4828847809668823e-05]| Epoch Time: 1.3119211196899414 s
Recon: 0.1451 | dx: 0.0337 | dz: 0.0001 | 
Epoch [24/200], Train Loss: 0.1789 | Test Loss: 0.2687 | LR: [2.4828847809668823e-05]| Epoch Time: 1.3081083297729492 s
Recon: 0.1451 | dx: 0.0337 | dz: 0.0001 | 
Epoch [25/200], Train Loss: 0.1787 | Test Loss: 0.2687 | LR: [2.4828847809668823e-05]| Epoch Time: 1.3133370876312256 s
Recon: 0.1449 | dx: 0.0337 | dz: 0.0001 | 
Epoch [26/200], Train Loss: 0.1788 | Test Loss: 0.2688 | LR: [2.4828847809668823e-05]| Epoch Time: 1.3146424293518066 s
Recon: 0.1450 | dx: 0.0337 | dz: 0.0001 | 
Epoch [27/200], Train Loss: 0.1788 | Test Loss: 0.2688 | LR: [2.4828847809668823e-05]| Epoch Time: 1.3162763118743896 s
Recon: 0.1450 | dx: 0.0337 | dz: 0.0001 | 
Epoch [28/200], Train Loss: 0.1788 | Test Loss: 0.2689 | LR: [2.4828847809668823e-05]| Epoch Time: 1.4101710319519043 s
Recon: 0.1450 | dx: 0.0337 | dz: 0.0001 | 
Epoch [29/200], Train Loss: 0.1787 | Test Loss: 0.2689 | LR: [2.4828847809668823e-05]| Epoch Time: 1.330176591873169 s
Recon: 0.1449 | dx: 0.0337 | dz: 0.0001 | 
Epoch [30/200], Train Loss: 0.1788 | Test Loss: 0.2690 | LR: [2.4828847809668823e-05]| Epoch Time: 1.3244612216949463 s
Recon: 0.1450 | dx: 0.0337 | dz: 0.0001 | 
Epoch [31/200], Train Loss: 0.1787 | Test Loss: 0.2692 | LR: [2.4828847809668823e-05]| Epoch Time: 1.3208436965942383 s
Recon: 0.1449 | dx: 0.0337 | dz: 0.0001 | 
Epoch [32/200], Train Loss: 0.1786 | Test Loss: 0.2691 | LR: [2.4828847809668823e-05]| Epoch Time: 1.3173723220825195 s
Recon: 0.1449 | dx: 0.0337 | dz: 0.0001 | 
Epoch [33/200], Train Loss: 0.1787 | Test Loss: 0.2692 | LR: [2.4828847809668824e-06]| Epoch Time: 1.3109116554260254 s
Recon: 0.1449 | dx: 0.0337 | dz: 0.0001 | 
Epoch [34/200], Train Loss: 0.1787 | Test Loss: 0.2692 | LR: [2.4828847809668824e-06]| Epoch Time: 1.3285729885101318 s
Recon: 0.1449 | dx: 0.0337 | dz: 0.0001 | 
Epoch [35/200], Train Loss: 0.1787 | Test Loss: 0.2692 | LR: [2.4828847809668824e-06]| Epoch Time: 1.3218011856079102 s
Recon: 0.1449 | dx: 0.0337 | dz: 0.0001 | 
Epoch [36/200], Train Loss: 0.1786 | Test Loss: 0.2692 | LR: [2.4828847809668824e-06]| Epoch Time: 1.4121215343475342 s
Recon: 0.1448 | dx: 0.0337 | dz: 0.0001 | 
Epoch [37/200], Train Loss: 0.1787 | Test Loss: 0.2692 | LR: [2.4828847809668824e-06]| Epoch Time: 1.3286254405975342 s
Recon: 0.1449 | dx: 0.0337 | dz: 0.0001 | 
Epoch [38/200], Train Loss: 0.1786 | Test Loss: 0.2692 | LR: [2.4828847809668824e-06]| Epoch Time: 1.3091638088226318 s
Recon: 0.1448 | dx: 0.0337 | dz: 0.0001 | 
Epoch [39/200], Train Loss: 0.1786 | Test Loss: 0.2692 | LR: [2.4828847809668824e-06]| Epoch Time: 1.3111863136291504 s
Recon: 0.1448 | dx: 0.0337 | dz: 0.0001 | 
Epoch [40/200], Train Loss: 0.1786 | Test Loss: 0.2692 | LR: [2.4828847809668824e-06]| Epoch Time: 1.3137214183807373 s
Recon: 0.1449 | dx: 0.0337 | dz: 0.0001 | 
Epoch [41/200], Train Loss: 0.1787 | Test Loss: 0.2692 | LR: [2.4828847809668824e-06]| Epoch Time: 1.3212482929229736 s
Recon: 0.1449 | dx: 0.0337 | dz: 0.0001 | 
Epoch [42/200], Train Loss: 0.1787 | Test Loss: 0.2692 | LR: [2.4828847809668824e-06]| Epoch Time: 1.3150994777679443 s
Recon: 0.1449 | dx: 0.0337 | dz: 0.0001 | 
Epoch [43/200], Train Loss: 0.1786 | Test Loss: 0.2692 | LR: [2.4828847809668824e-06]| Epoch Time: 1.3124334812164307 s
Recon: 0.1449 | dx: 0.0337 | dz: 0.0001 | 
Epoch [44/200], Train Loss: 0.1787 | Test Loss: 0.2692 | LR: [2.482884780966883e-07]| Epoch Time: 1.3119239807128906 s
Recon: 0.1449 | dx: 0.0337 | dz: 0.0001 | 
Epoch [45/200], Train Loss: 0.1786 | Test Loss: 0.2692 | LR: [2.482884780966883e-07]| Epoch Time: 1.3128514289855957 s
Recon: 0.1448 | dx: 0.0337 | dz: 0.0001 | 
Epoch [46/200], Train Loss: 0.1787 | Test Loss: 0.2692 | LR: [2.482884780966883e-07]| Epoch Time: 1.4112191200256348 s
Recon: 0.1449 | dx: 0.0337 | dz: 0.0001 | 
Epoch [47/200], Train Loss: 0.1787 | Test Loss: 0.2692 | LR: [2.482884780966883e-07]| Epoch Time: 1.318023920059204 s
Recon: 0.1449 | dx: 0.0337 | dz: 0.0001 | 
Epoch [48/200], Train Loss: 0.1786 | Test Loss: 0.2692 | LR: [2.482884780966883e-07]| Epoch Time: 1.316807508468628 s
Recon: 0.1448 | dx: 0.0337 | dz: 0.0001 | 
Epoch [49/200], Train Loss: 0.1786 | Test Loss: 0.2692 | LR: [2.482884780966883e-07]| Epoch Time: 1.3179576396942139 s
Recon: 0.1449 | dx: 0.0337 | dz: 0.0001 | 
Epoch [50/200], Train Loss: 0.1787 | Test Loss: 0.2692 | LR: [2.482884780966883e-07]| Epoch Time: 1.316098928451538 s
Recon: 0.1449 | dx: 0.0337 | dz: 0.0001 | 
Training stopped early.
Predicting the training data.
Predicting the testing data.
Running vanilla conformal predictions.
starting split cp, train-validation-test split: 50-30-20
Using cpu device
Epoch [0/200], Train Loss: 0.1984 | Test Loss: 0.2167 | LR: [0.002482884780966882]| Epoch Time: 1.4598314762115479 s
Recon: 0.1605 | dx: 0.0377 | dz: 0.0001 | 
Epoch [1/200], Train Loss: 0.1918 | Test Loss: 0.2318 | LR: [0.002482884780966882]| Epoch Time: 1.3580188751220703 s
Recon: 0.1553 | dx: 0.0364 | dz: 0.0001 | 
Epoch [2/200], Train Loss: 0.1889 | Test Loss: 0.2415 | LR: [0.002482884780966882]| Epoch Time: 1.1523752212524414 s
Recon: 0.1528 | dx: 0.0359 | dz: 0.0001 | 
Epoch [3/200], Train Loss: 0.1863 | Test Loss: 0.2521 | LR: [0.002482884780966882]| Epoch Time: 0.9415731430053711 s
Recon: 0.1508 | dx: 0.0354 | dz: 0.0001 | 
Epoch [4/200], Train Loss: 0.1847 | Test Loss: 0.2637 | LR: [0.002482884780966882]| Epoch Time: 0.8936755657196045 s
Recon: 0.1494 | dx: 0.0351 | dz: 0.0001 | 
Epoch [5/200], Train Loss: 0.1831 | Test Loss: 0.2669 | LR: [0.002482884780966882]| Epoch Time: 0.8935866355895996 s
Recon: 0.1481 | dx: 0.0348 | dz: 0.0001 | 
Epoch [6/200], Train Loss: 0.1813 | Test Loss: 0.2698 | LR: [0.002482884780966882]| Epoch Time: 0.9020006656646729 s
Recon: 0.1467 | dx: 0.0345 | dz: 0.0001 | 
Epoch [7/200], Train Loss: 0.1799 | Test Loss: 0.2798 | LR: [0.002482884780966882]| Epoch Time: 0.8977267742156982 s
Recon: 0.1456 | dx: 0.0342 | dz: 0.0001 | 
Epoch [8/200], Train Loss: 0.1789 | Test Loss: 0.2813 | LR: [0.002482884780966882]| Epoch Time: 0.8919200897216797 s
Recon: 0.1448 | dx: 0.0340 | dz: 0.0001 | 
Epoch [9/200], Train Loss: 0.1777 | Test Loss: 0.2904 | LR: [0.002482884780966882]| Epoch Time: 1.0224864482879639 s
Recon: 0.1438 | dx: 0.0337 | dz: 0.0001 | 
Epoch [10/200], Train Loss: 0.1765 | Test Loss: 0.2996 | LR: [0.002482884780966882]| Epoch Time: 0.9000351428985596 s
Recon: 0.1429 | dx: 0.0335 | dz: 0.0001 | 
Epoch [11/200], Train Loss: 0.1758 | Test Loss: 0.2990 | LR: [0.0002482884780966882]| Epoch Time: 0.8944013118743896 s
Recon: 0.1423 | dx: 0.0334 | dz: 0.0001 | 
Epoch [12/200], Train Loss: 0.1726 | Test Loss: 0.2979 | LR: [0.0002482884780966882]| Epoch Time: 0.8964481353759766 s
Recon: 0.1400 | dx: 0.0325 | dz: 0.0001 | 
Epoch [13/200], Train Loss: 0.1722 | Test Loss: 0.3005 | LR: [0.0002482884780966882]| Epoch Time: 0.899167537689209 s
Recon: 0.1397 | dx: 0.0325 | dz: 0.0001 | 
Epoch [14/200], Train Loss: 0.1722 | Test Loss: 0.2991 | LR: [0.0002482884780966882]| Epoch Time: 0.894444465637207 s
Recon: 0.1396 | dx: 0.0325 | dz: 0.0001 | 
Epoch [15/200], Train Loss: 0.1721 | Test Loss: 0.3002 | LR: [0.0002482884780966882]| Epoch Time: 0.8959641456604004 s
Recon: 0.1395 | dx: 0.0324 | dz: 0.0001 | 
Epoch [16/200], Train Loss: 0.1719 | Test Loss: 0.3032 | LR: [0.0002482884780966882]| Epoch Time: 0.8972208499908447 s
Recon: 0.1394 | dx: 0.0324 | dz: 0.0001 | 
Epoch [17/200], Train Loss: 0.1718 | Test Loss: 0.3025 | LR: [0.0002482884780966882]| Epoch Time: 0.899660587310791 s
Recon: 0.1393 | dx: 0.0324 | dz: 0.0001 | 
Epoch [18/200], Train Loss: 0.1717 | Test Loss: 0.3028 | LR: [0.0002482884780966882]| Epoch Time: 0.8935632705688477 s
Recon: 0.1393 | dx: 0.0324 | dz: 0.0001 | 
Epoch [19/200], Train Loss: 0.1716 | Test Loss: 0.3044 | LR: [0.0002482884780966882]| Epoch Time: 0.8937366008758545 s
Recon: 0.1392 | dx: 0.0324 | dz: 0.0001 | 
Epoch [20/200], Train Loss: 0.1715 | Test Loss: 0.3047 | LR: [0.0002482884780966882]| Epoch Time: 1.0233635902404785 s
Recon: 0.1391 | dx: 0.0323 | dz: 0.0001 | 
Epoch [21/200], Train Loss: 0.1714 | Test Loss: 0.3056 | LR: [0.0002482884780966882]| Epoch Time: 0.9079287052154541 s
Recon: 0.1390 | dx: 0.0323 | dz: 0.0001 | 
Epoch [22/200], Train Loss: 0.1713 | Test Loss: 0.3068 | LR: [2.4828847809668823e-05]| Epoch Time: 0.9085969924926758 s
Recon: 0.1389 | dx: 0.0323 | dz: 0.0001 | 
Epoch [23/200], Train Loss: 0.1710 | Test Loss: 0.3061 | LR: [2.4828847809668823e-05]| Epoch Time: 0.9015114307403564 s
Recon: 0.1387 | dx: 0.0322 | dz: 0.0001 | 
Epoch [24/200], Train Loss: 0.1709 | Test Loss: 0.3060 | LR: [2.4828847809668823e-05]| Epoch Time: 0.9008755683898926 s
Recon: 0.1386 | dx: 0.0322 | dz: 0.0001 | 
Epoch [25/200], Train Loss: 0.1709 | Test Loss: 0.3060 | LR: [2.4828847809668823e-05]| Epoch Time: 0.9040186405181885 s
Recon: 0.1386 | dx: 0.0322 | dz: 0.0001 | 
Epoch [26/200], Train Loss: 0.1709 | Test Loss: 0.3060 | LR: [2.4828847809668823e-05]| Epoch Time: 0.9016354084014893 s
Recon: 0.1386 | dx: 0.0322 | dz: 0.0001 | 
Epoch [27/200], Train Loss: 0.1709 | Test Loss: 0.3058 | LR: [2.4828847809668823e-05]| Epoch Time: 1.0290782451629639 s
Recon: 0.1386 | dx: 0.0322 | dz: 0.0001 | 
Epoch [28/200], Train Loss: 0.1709 | Test Loss: 0.3061 | LR: [2.4828847809668823e-05]| Epoch Time: 0.9072592258453369 s
Recon: 0.1386 | dx: 0.0322 | dz: 0.0001 | 
Epoch [29/200], Train Loss: 0.1708 | Test Loss: 0.3061 | LR: [2.4828847809668823e-05]| Epoch Time: 0.9061446189880371 s
Recon: 0.1386 | dx: 0.0322 | dz: 0.0001 | 
Epoch [30/200], Train Loss: 0.1709 | Test Loss: 0.3061 | LR: [2.4828847809668823e-05]| Epoch Time: 0.9064555168151855 s
Recon: 0.1386 | dx: 0.0322 | dz: 0.0001 | 
Epoch [31/200], Train Loss: 0.1708 | Test Loss: 0.3064 | LR: [2.4828847809668823e-05]| Epoch Time: 0.9066042900085449 s
Recon: 0.1385 | dx: 0.0322 | dz: 0.0001 | 
Epoch [32/200], Train Loss: 0.1708 | Test Loss: 0.3062 | LR: [2.4828847809668823e-05]| Epoch Time: 0.9042189121246338 s
Recon: 0.1385 | dx: 0.0322 | dz: 0.0001 | 
Epoch [33/200], Train Loss: 0.1708 | Test Loss: 0.3064 | LR: [2.4828847809668824e-06]| Epoch Time: 0.907801628112793 s
Recon: 0.1385 | dx: 0.0322 | dz: 0.0001 | 
Epoch [34/200], Train Loss: 0.1708 | Test Loss: 0.3064 | LR: [2.4828847809668824e-06]| Epoch Time: 0.9048106670379639 s
Recon: 0.1385 | dx: 0.0322 | dz: 0.0001 | 
Epoch [35/200], Train Loss: 0.1708 | Test Loss: 0.3064 | LR: [2.4828847809668824e-06]| Epoch Time: 0.9051218032836914 s
Recon: 0.1385 | dx: 0.0322 | dz: 0.0001 | 
Epoch [36/200], Train Loss: 0.1708 | Test Loss: 0.3064 | LR: [2.4828847809668824e-06]| Epoch Time: 0.9026641845703125 s
Recon: 0.1385 | dx: 0.0322 | dz: 0.0001 | 
Epoch [37/200], Train Loss: 0.1707 | Test Loss: 0.3065 | LR: [2.4828847809668824e-06]| Epoch Time: 0.9092011451721191 s
Recon: 0.1385 | dx: 0.0322 | dz: 0.0001 | 
Epoch [38/200], Train Loss: 0.1707 | Test Loss: 0.3065 | LR: [2.4828847809668824e-06]| Epoch Time: 1.0302858352661133 s
Recon: 0.1385 | dx: 0.0322 | dz: 0.0001 | 
Epoch [39/200], Train Loss: 0.1708 | Test Loss: 0.3065 | LR: [2.4828847809668824e-06]| Epoch Time: 0.9059007167816162 s
Recon: 0.1385 | dx: 0.0322 | dz: 0.0001 | 
Epoch [40/200], Train Loss: 0.1708 | Test Loss: 0.3064 | LR: [2.4828847809668824e-06]| Epoch Time: 0.9103999137878418 s
Recon: 0.1385 | dx: 0.0322 | dz: 0.0001 | 
Epoch [41/200], Train Loss: 0.1708 | Test Loss: 0.3065 | LR: [2.4828847809668824e-06]| Epoch Time: 0.9084675312042236 s
Recon: 0.1385 | dx: 0.0322 | dz: 0.0001 | 
Epoch [42/200], Train Loss: 0.1708 | Test Loss: 0.3065 | LR: [2.4828847809668824e-06]| Epoch Time: 0.9032304286956787 s
Recon: 0.1385 | dx: 0.0322 | dz: 0.0001 | 
Epoch [43/200], Train Loss: 0.1707 | Test Loss: 0.3065 | LR: [2.4828847809668824e-06]| Epoch Time: 0.9048423767089844 s
Recon: 0.1385 | dx: 0.0322 | dz: 0.0001 | 
Epoch [44/200], Train Loss: 0.1707 | Test Loss: 0.3065 | LR: [2.482884780966883e-07]| Epoch Time: 0.9049208164215088 s
Recon: 0.1385 | dx: 0.0322 | dz: 0.0001 | 
Epoch [45/200], Train Loss: 0.1707 | Test Loss: 0.3065 | LR: [2.482884780966883e-07]| Epoch Time: 0.9063189029693604 s
Recon: 0.1385 | dx: 0.0322 | dz: 0.0001 | 
Epoch [46/200], Train Loss: 0.1707 | Test Loss: 0.3065 | LR: [2.482884780966883e-07]| Epoch Time: 1.0307276248931885 s
Recon: 0.1385 | dx: 0.0322 | dz: 0.0001 | 
Epoch [47/200], Train Loss: 0.1707 | Test Loss: 0.3065 | LR: [2.482884780966883e-07]| Epoch Time: 0.9050858020782471 s
Recon: 0.1385 | dx: 0.0322 | dz: 0.0001 | 
Epoch [48/200], Train Loss: 0.1707 | Test Loss: 0.3065 | LR: [2.482884780966883e-07]| Epoch Time: 0.9006145000457764 s
Recon: 0.1385 | dx: 0.0322 | dz: 0.0001 | 
Epoch [49/200], Train Loss: 0.1708 | Test Loss: 0.3065 | LR: [2.482884780966883e-07]| Epoch Time: 0.9081912040710449 s
Recon: 0.1385 | dx: 0.0322 | dz: 0.0001 | 
Epoch [50/200], Train Loss: 0.1707 | Test Loss: 0.3065 | LR: [2.482884780966883e-07]| Epoch Time: 0.9107973575592041 s
Recon: 0.1385 | dx: 0.0322 | dz: 0.0001 | 
Training stopped early.
Predicting the calibration data.
Predicting the testing data.
Running split conformal predictions.
/var/spool/slurmd/job3255401/slurm_script: line 28: k: command not found
starting cv+ with  folds
usage: ae_ar_cv.py [-h] [-t TEST_SIZE] [-k FOLDS] [-c CPUS] [-e EPOCHS]
                   [-b BATCHES] [-a ALPHA [ALPHA ...]]
                   data_name
ae_ar_cv.py: error: argument -k/--folds: invalid int value: ''
