Mon Jul 14 11:34:51 PDT 2025
activating
running E-SINDy bootstrap
Detected 13 features for 2 state variables.
Launching 1830 bootstrap fits using threshold=5e-05
Bootstraps complete; shape = (1830, 2, 13)
Saved coefficients + feature names to: data/congestus_test_esindy.pkl
done gathering coefficient samples
Path to _esindy.pkl file: Launching 26 workers for 26 histograms…
 • Saved histogram for (i=0, j=0) → data/congestus_test/E-SINDy/hist_i00_j00.pdf
 • Saved histogram for (i=0, j=1) → data/congestus_test/E-SINDy/hist_i00_j01.pdf
 • Saved histogram for (i=0, j=2) → data/congestus_test/E-SINDy/hist_i00_j02.pdf
 • Saved histogram for (i=0, j=3) → data/congestus_test/E-SINDy/hist_i00_j03.pdf
 • Saved histogram for (i=0, j=4) → data/congestus_test/E-SINDy/hist_i00_j04.pdf
 • Saved histogram for (i=0, j=5) → data/congestus_test/E-SINDy/hist_i00_j05.pdf
 • Saved histogram for (i=0, j=6) → data/congestus_test/E-SINDy/hist_i00_j06.pdf
 • Saved histogram for (i=0, j=7) → data/congestus_test/E-SINDy/hist_i00_j07.pdf
 • Saved histogram for (i=0, j=8) → data/congestus_test/E-SINDy/hist_i00_j08.pdf
 • Saved histogram for (i=0, j=9) → data/congestus_test/E-SINDy/hist_i00_j09.pdf
 • Saved histogram for (i=0, j=10) → data/congestus_test/E-SINDy/hist_i00_j10.pdf
 • Saved histogram for (i=0, j=11) → data/congestus_test/E-SINDy/hist_i00_j11.pdf
 • Saved histogram for (i=0, j=12) → data/congestus_test/E-SINDy/hist_i00_j12.pdf
 • Saved histogram for (i=1, j=0) → data/congestus_test/E-SINDy/hist_i01_j00.pdf
 • Saved histogram for (i=1, j=1) → data/congestus_test/E-SINDy/hist_i01_j01.pdf
 • Saved histogram for (i=1, j=2) → data/congestus_test/E-SINDy/hist_i01_j02.pdf
 • Saved histogram for (i=1, j=3) → data/congestus_test/E-SINDy/hist_i01_j03.pdf
 • Saved histogram for (i=1, j=4) → data/congestus_test/E-SINDy/hist_i01_j04.pdf
 • Saved histogram for (i=1, j=5) → data/congestus_test/E-SINDy/hist_i01_j05.pdf
 • Saved histogram for (i=1, j=6) → data/congestus_test/E-SINDy/hist_i01_j06.pdf
 • Saved histogram for (i=1, j=7) → data/congestus_test/E-SINDy/hist_i01_j07.pdf
 • Saved histogram for (i=1, j=8) → data/congestus_test/E-SINDy/hist_i01_j08.pdf
 • Saved histogram for (i=1, j=9) → data/congestus_test/E-SINDy/hist_i01_j09.pdf
 • Saved histogram for (i=1, j=10) → data/congestus_test/E-SINDy/hist_i01_j10.pdf
 • Saved histogram for (i=1, j=11) → data/congestus_test/E-SINDy/hist_i01_j11.pdf
 • Saved histogram for (i=1, j=12) → data/congestus_test/E-SINDy/hist_i01_j12.pdf
Done.
