Mon Jul 14 11:35:06 PDT 2025
activating
running E-SINDy bootstrap
Detected 13 features for 2 state variables.
Launching 6125 bootstrap fits using threshold=5e-05
Traceback (most recent call last):
  File "/g/g14/katona1/Kessler/esindy_parallel.py", line 163, in <module>
    main()
  File "/g/g14/katona1/Kessler/esindy_parallel.py", line 150, in main
    coeff_samples = list(exe.map(bootstrap_worker, seeds))
                    ^^^^^^^^^^^^^^^^^^^^^^^^^^^^^^^^^^^^^^
  File "/collab/usr/gapps/python/toss_4_x86_64_ib/anaconda3-2024.06/lib/python3.12/concurrent/futures/process.py", line 642, in _chain_from_iterable_of_lists
    for element in iterable:
  File "/collab/usr/gapps/python/toss_4_x86_64_ib/anaconda3-2024.06/lib/python3.12/concurrent/futures/_base.py", line 619, in result_iterator
    yield _result_or_cancel(fs.pop())
          ^^^^^^^^^^^^^^^^^^^^^^^^^^^
  File "/collab/usr/gapps/python/toss_4_x86_64_ib/anaconda3-2024.06/lib/python3.12/concurrent/futures/_base.py", line 317, in _result_or_cancel
    return fut.result(timeout)
           ^^^^^^^^^^^^^^^^^^^
  File "/collab/usr/gapps/python/toss_4_x86_64_ib/anaconda3-2024.06/lib/python3.12/concurrent/futures/_base.py", line 456, in result
    return self.__get_result()
           ^^^^^^^^^^^^^^^^^^^
  File "/collab/usr/gapps/python/toss_4_x86_64_ib/anaconda3-2024.06/lib/python3.12/concurrent/futures/_base.py", line 401, in __get_result
    raise self._exception
concurrent.futures.process.BrokenProcessPool: A process in the process pool was terminated abruptly while the future was running or pending.
done gathering coefficient samples
Path to _esindy.pkl file: Launching 26 workers for 26 histograms…
 • Saved histogram for (i=0, j=0) → data/rico_test/E-SINDy/hist_i00_j00.pdf
 • Saved histogram for (i=0, j=1) → data/rico_test/E-SINDy/hist_i00_j01.pdf
 • Saved histogram for (i=0, j=2) → data/rico_test/E-SINDy/hist_i00_j02.pdf
 • Saved histogram for (i=0, j=3) → data/rico_test/E-SINDy/hist_i00_j03.pdf
 • Saved histogram for (i=0, j=4) → data/rico_test/E-SINDy/hist_i00_j04.pdf
 • Saved histogram for (i=0, j=5) → data/rico_test/E-SINDy/hist_i00_j05.pdf
 • Saved histogram for (i=0, j=6) → data/rico_test/E-SINDy/hist_i00_j06.pdf
 • Saved histogram for (i=0, j=7) → data/rico_test/E-SINDy/hist_i00_j07.pdf
 • Saved histogram for (i=0, j=8) → data/rico_test/E-SINDy/hist_i00_j08.pdf
 • Saved histogram for (i=0, j=9) → data/rico_test/E-SINDy/hist_i00_j09.pdf
 • Saved histogram for (i=0, j=10) → data/rico_test/E-SINDy/hist_i00_j10.pdf
 • Saved histogram for (i=0, j=11) → data/rico_test/E-SINDy/hist_i00_j11.pdf
 • Saved histogram for (i=0, j=12) → data/rico_test/E-SINDy/hist_i00_j12.pdf
 • Saved histogram for (i=1, j=0) → data/rico_test/E-SINDy/hist_i01_j00.pdf
 • Saved histogram for (i=1, j=1) → data/rico_test/E-SINDy/hist_i01_j01.pdf
 • Saved histogram for (i=1, j=2) → data/rico_test/E-SINDy/hist_i01_j02.pdf
 • Saved histogram for (i=1, j=3) → data/rico_test/E-SINDy/hist_i01_j03.pdf
 • Saved histogram for (i=1, j=4) → data/rico_test/E-SINDy/hist_i01_j04.pdf
 • Saved histogram for (i=1, j=5) → data/rico_test/E-SINDy/hist_i01_j05.pdf
 • Saved histogram for (i=1, j=6) → data/rico_test/E-SINDy/hist_i01_j06.pdf
 • Saved histogram for (i=1, j=7) → data/rico_test/E-SINDy/hist_i01_j07.pdf
 • Saved histogram for (i=1, j=8) → data/rico_test/E-SINDy/hist_i01_j08.pdf
 • Saved histogram for (i=1, j=9) → data/rico_test/E-SINDy/hist_i01_j09.pdf
 • Saved histogram for (i=1, j=10) → data/rico_test/E-SINDy/hist_i01_j10.pdf
 • Saved histogram for (i=1, j=11) → data/rico_test/E-SINDy/hist_i01_j11.pdf
 • Saved histogram for (i=1, j=12) → data/rico_test/E-SINDy/hist_i01_j12.pdf
Done.
done plotting coefficient distributions
slurmstepd: error: Detected 6 oom_kill events in StepId=3005181.batch. Some of the step tasks have been OOM Killed.
